Microchip MPLAB XC8 Compiler V2.20

Linker command line:

-W-3 --edf=C:\Program Files\Microchip\xc8\v2.20\pic\dat\en_msgs.txt -cn \
  -h+dist/default/production\ir_recver.X.production.sym \
  --cmf=dist/default/production\ir_recver.X.production.cmf -z -Q16F1827 \
  -oC:\Users\Dan\AppData\Local\Temp\s1rg.2 --defsym=__MPLAB_BUILD=1 \
  -Mdist/default/production/ir_recver.X.production.map -E1 \
  -ver=XC8 Compiler --acfsm=1493 -ASTACK=0201Ch-0216Fh -pstack=STACK \
  -ACODE=00h-07FFhx2 -ASTRCODE=00h-0FFFh -ASTRING=00h-0FFhx16 \
  -ACONST=00h-0FFhx16 -AENTRY=00h-0FFhx16 -ACOMMON=070h-07Fh \
  -ABANK0=020h-06Fh -ABANK1=0A0h-0EFh -ABANK2=0120h-016Fh \
  -ABANK3=01A0h-01EFh -ABANK4=0220h-024Fh -ABIGRAM=02000h-0216Fh \
  -ARAM=020h-06Fh,0A0h-0EFh,0120h-016Fh,01A0h-01EFh,0220h-024Fh \
  -AABS1=020h-07Fh,0A0h-0EFh,0120h-016Fh,01A0h-01EFh,0220h-024Fh \
  -ASFR0=00h-01Fh -ASFR1=080h-09Fh -ASFR2=0100h-011Fh -ASFR3=0180h-019Fh \
  -ASFR4=0200h-021Fh -ASFR5=0280h-02EFh -ASFR6=0300h-036Fh \
  -ASFR7=0380h-03EFh -ASFR8=0400h-046Fh -ASFR9=0480h-04EFh \
  -ASFR10=0500h-056Fh -ASFR11=0580h-05EFh -ASFR12=0600h-066Fh \
  -ASFR13=0680h-06EFh -ASFR14=0700h-076Fh -ASFR15=0780h-07EFh \
  -ASFR16=0800h-086Fh -ASFR17=0880h-08EFh -ASFR18=0900h-096Fh \
  -ASFR19=0980h-09EFh -ASFR20=0A00h-0A6Fh -ASFR21=0A80h-0AEFh \
  -ASFR22=0B00h-0B6Fh -ASFR23=0B80h-0BEFh -ASFR24=0C00h-0C6Fh \
  -ASFR25=0C80h-0CEFh -ASFR26=0D00h-0D6Fh -ASFR27=0D80h-0DEFh \
  -ASFR28=0E00h-0E6Fh -ASFR29=0E80h-0EEFh -ASFR30=0F00h-0F6Fh \
  -ASFR31=0F80h-0FEFh -ACONFIG=08007h-08008h -DCONFIG=2 \
  -AIDLOC=08000h-08003h -DIDLOC=2 -preset_vec=00h,intentry,init,end_init \
  -ppowerup=CODE -pcinit=CODE -pfunctab=ENTRY -AEEDATA=00h-0FFh/0F000h \
  -peeprom_data=EEDATA -DEEDATA=2 -DCODE=2 -DSTRCODE=2 -DSTRING=2 -DCONST=2 \
  -DENTRY=2 -k C:\Users\Dan\AppData\Local\Temp\s1rg.o \
  dist/default/production\ir_recver.X.production.o 

Object code version is 3.11

Machine type is 16F1827



                Name                               Link     Load   Length Selector   Space Scale
C:\Users\Dan\AppData\Local\Temp\s1rg.o
                end_init                              2        2        2        0       0
                reset_vec                             0        0        2        0       0
                config                             8007     8007        2        0       4
dist/default/production\ir_recver.X.production.o
                cinit                               7F5      7F5        B      FEA       0
                config                             8007     8007        2        0       4
                text17                              4FD      4FD        6      9FA       0
                text16                              503      503        6      A06       0
                text15                              509      509        6      A12       0
                text14                              550      550       23      AA0       0
                text13                              51F      51F        C      A3E       0
                text12                              538      538       18      A70       0
                text11                              4F9      4F9        4      9F2       0
                text10                              52B      52B        D      A56       0
                text9                               675      675       40      CEA       0
                text8                               515      515        A      A2A       0
                text7                               50F      50F        6      A1E       0
                text6                               573      573       26      AE6       0
                text5                               5FC      5FC       3C      BF8       0
                text4                               5C8      5C8       34      B90       0
                text3                               733      733       C2      E66       0
                text2                               599      599       2F      B32       0
                text1                               638      638       3D      C70       0
                maintext                            6B5      6B5       7E      D6A       0
                cstackBANK0                          20       20       15       20       1
                cstackCOMMON                         70       70        E       70       1
                bssBANK0                             35       35        7       20       1
                stringtext5                         864      864        3     1000       0
                stringtext4                         85E      85E        6     1000       0
                stringtext3                         84B      84B       13     1000       0
                stringtext2                         82B      82B       20     1000       0
                stringtext1                         800      800       2B     1000       0

TOTAL           Name                               Link     Load   Length     Space
        CLASS   STACK          

        CLASS   CODE           
                end_init                              2        2        2         0
                cinit                               7F5      7F5        B         0
                reset_vec                             0        0        2         0
                text17                              4FD      4FD        6         0
                text16                              503      503        6         0
                text15                              509      509        6         0
                text14                              550      550       23         0
                text13                              51F      51F        C         0
                text12                              538      538       18         0
                text11                              4F9      4F9        4         0
                text10                              52B      52B        D         0
                text9                               675      675       40         0
                text8                               515      515        A         0
                text7                               50F      50F        6         0
                text6                               573      573       26         0
                text5                               5FC      5FC       3C         0
                text4                               5C8      5C8       34         0
                text3                               733      733       C2         0
                text2                               599      599       2F         0
                text1                               638      638       3D         0
                maintext                            6B5      6B5       7E         0

        CLASS   STRCODE        
                stringtext5                         864      864        3         0
                stringtext4                         85E      85E        6         0
                stringtext3                         84B      84B       13         0
                stringtext2                         82B      82B       20         0
                stringtext1                         800      800       2B         0

        CLASS   STRING         

        CLASS   CONST          

        CLASS   ENTRY          

        CLASS   COMMON         
                cstackCOMMON                         70       70        E         1

        CLASS   BANK0          
                cstackBANK0                          20       20       15         1
                bssBANK0                             35       35        7         1

        CLASS   BANK1          

        CLASS   BANK2          

        CLASS   BANK3          

        CLASS   BANK4          

        CLASS   BIGRAM         

        CLASS   RAM            

        CLASS   ABS1           
                abs_s1                               7E       7E        2         1

        CLASS   SFR0           

        CLASS   SFR1           

        CLASS   SFR2           

        CLASS   SFR3           

        CLASS   SFR4           

        CLASS   SFR5           

        CLASS   SFR6           

        CLASS   SFR7           

        CLASS   SFR8           

        CLASS   SFR9           

        CLASS   SFR10          

        CLASS   SFR11          

        CLASS   SFR12          

        CLASS   SFR13          

        CLASS   SFR14          

        CLASS   SFR15          

        CLASS   SFR16          

        CLASS   SFR17          

        CLASS   SFR18          

        CLASS   SFR19          

        CLASS   SFR20          

        CLASS   SFR21          

        CLASS   SFR22          

        CLASS   SFR23          

        CLASS   SFR24          

        CLASS   SFR25          

        CLASS   SFR26          

        CLASS   SFR27          

        CLASS   SFR28          

        CLASS   SFR29          

        CLASS   SFR30          

        CLASS   SFR31          

        CLASS   CONFIG         
                config                             8007     8007        2         4

        CLASS   IDLOC          

        CLASS   EEDATA         

        CLASS   BANK31         

        CLASS   BANK30         

        CLASS   BANK29         

        CLASS   BANK28         

        CLASS   BANK27         

        CLASS   BANK26         

        CLASS   BANK25         

        CLASS   BANK24         

        CLASS   BANK23         

        CLASS   BANK22         

        CLASS   BANK21         

        CLASS   BANK20         

        CLASS   BANK19         

        CLASS   BANK18         

        CLASS   BANK17         

        CLASS   BANK16         

        CLASS   BANK15         

        CLASS   BANK14         

        CLASS   BANK13         

        CLASS   BANK12         

        CLASS   BANK11         

        CLASS   BANK10         

        CLASS   BANK9          

        CLASS   BANK8          

        CLASS   BANK7          

        CLASS   BANK6          

        CLASS   BANK5          



SEGMENTS        Name                           Load    Length   Top    Selector   Space  Class     Delta

                reset_vec                      000000  000004  000004         0       0  CODE        2
                cstackBANK0                    000020  00001C  00003C        20       1  BANK0       1
                cstackCOMMON                   000070  00000E  00007E        70       1  COMMON      1
                text11                         0004F9  000004  0004FD       9F2       0  CODE        2
                text17                         0004FD  000006  000503       9FA       0  CODE        2
                text16                         000503  000006  000509       A06       0  CODE        2
                text15                         000509  000006  00050F       A12       0  CODE        2
                text7                          00050F  000006  000515       A1E       0  CODE        2
                text8                          000515  00000A  00051F       A2A       0  CODE        2
                text13                         00051F  00000C  00052B       A3E       0  CODE        2
                text10                         00052B  00000D  000538       A56       0  CODE        2
                text12                         000538  000018  000550       A70       0  CODE        2
                text14                         000550  000023  000573       AA0       0  CODE        2
                text6                          000573  000026  000599       AE6       0  CODE        2
                text2                          000599  00002F  0005C8       B32       0  CODE        2
                text4                          0005C8  000034  0005FC       B90       0  CODE        2
                text5                          0005FC  00003C  000638       BF8       0  CODE        2
                text1                          000638  00003D  000675       C70       0  CODE        2
                text9                          000675  000040  0006B5       CEA       0  CODE        2
                maintext                       0006B5  00007E  000733       D6A       0  CODE        2
                text3                          000733  0000C2  0007F5       E66       0  CODE        2
                cinit                          0007F5  00000B  000800       FEA       0  CODE        2
                stringtext1                    000800  000067  000867      1000       0  STRCODE     2


UNUSED ADDRESS RANGES

        Name                Unused          Largest block    Delta
        BANK0            0003C-0006F              34           1
        BANK1            000A0-000EF              50           1
        BANK2            00120-0016F              50           1
        BANK3            001A0-001EF              50           1
        BANK4            00220-0024F              30           1
        BIGRAM           02000-0216F             170           1
        CODE             00004-004F8             4F5           2
                         00867-00FFF             799
        CONST            00004-004F8             100           2
                         00867-00FFF             100
        EEDATA           0F000-0F0FF             100           2
        ENTRY            00004-004F8             100           2
                         00867-00FFF             100
        IDLOC            08000-08003               4           2
        RAM              0003C-0006F              34           1
                         000A0-000EF              50
                         00120-0016F              50
                         001A0-001EF              50
                         00220-0024F              30
        SFR0             00000-0001F              20           1
        SFR1             00080-0009F              20           1
        SFR10            00500-0056F              70           1
        SFR11            00580-005EF              70           1
        SFR12            00600-0066F              70           1
        SFR13            00680-006EF              70           1
        SFR14            00700-0076F              70           1
        SFR15            00780-007EF              70           1
        SFR16            00800-0086F              70           1
        SFR17            00880-008EF              70           1
        SFR18            00900-0096F              70           1
        SFR19            00980-009EF              70           1
        SFR2             00100-0011F              20           1
        SFR20            00A00-00A6F              70           1
        SFR21            00A80-00AEF              70           1
        SFR22            00B00-00B6F              70           1
        SFR23            00B80-00BEF              70           1
        SFR24            00C00-00C6F              70           1
        SFR25            00C80-00CEF              70           1
        SFR26            00D00-00D6F              70           1
        SFR27            00D80-00DEF              70           1
        SFR28            00E00-00E6F              70           1
        SFR29            00E80-00EEF              70           1
        SFR3             00180-0019F              20           1
        SFR30            00F00-00F6F              70           1
        SFR31            00F80-00FEF              70           1
        SFR4             00200-0021F              20           1
        SFR5             00280-002EF              70           1
        SFR6             00300-0036F              70           1
        SFR7             00380-003EF              70           1
        SFR8             00400-0046F              70           1
        SFR9             00480-004EF              70           1
        STACK            0201C-0216F             154           1
        STRCODE          00004-004F8             4F5           2
                         00867-00FFF             799
        STRING           00004-004F8             100           2
                         00867-00FFF             100

                                  Symbol Table

?___lwdiv                                      cstackCOMMON 00070
?___lwmod                                      cstackCOMMON 00078
?_printf                                       cstackBANK0  00020
EUSART_SetErrorHandler@interruptHandler        cstackCOMMON 00070
EUSART_SetFramingErrorHandler@interruptHandler cstackCOMMON 00070
EUSART_SetOverrunErrorHandler@interruptHandler cstackCOMMON 00070
EUSART_Write@txData                            cstackCOMMON 00070
_ANSELA                                        (abs)        0018C
_ANSELB                                        (abs)        0018D
_APFCON0                                       (abs)        0011D
_APFCON1                                       (abs)        0011E
_BAUDCON                                       (abs)        0019F
_BORCON                                        (abs)        00116
_EUSART_DefaultErrorHandler                    (abs)        00000
_EUSART_DefaultFramingErrorHandler             (abs)        00000
_EUSART_DefaultOverrunErrorHandler             (abs)        00000
_EUSART_ErrorHandler                           bssBANK0     00035
_EUSART_FramingErrorHandler                    bssBANK0     00039
_EUSART_Initialize                             text14       00550
_EUSART_OverrunErrorHandler                    bssBANK0     00037
_EUSART_SetErrorHandler                        text17       004FD
_EUSART_SetFramingErrorHandler                 text16       00503
_EUSART_SetOverrunErrorHandler                 text15       00509
_EUSART_Write                                  text8        00515
_LATA                                          (abs)        0010C
_LATAbits                                      (abs)        0010C
_LATB                                          (abs)        0010D
_OPTION_REGbits                                (abs)        00095
_OSCCON                                        (abs)        00099
_OSCILLATOR_Initialize                         text13       0051F
_OSCTUNE                                       (abs)        00098
_PIN_MANAGER_Initialize                        text12       00538
_PIR1bits                                      (abs)        00011
_PLLR                                          (abs)        004D6
_PORTAbits                                     (abs)        0000C
_RCREG                                         (abs)        00199
_RCSTA                                         (abs)        0019D
_RCSTAbits                                     (abs)        0019D
_SPBRGH                                        (abs)        0019C
_SPBRGL                                        (abs)        0019B
_SYSTEM_Initialize                             text10       0052B
_TRISA                                         (abs)        0008C
_TRISB                                         (abs)        0008D
_TXREG                                         (abs)        0019A
_TXSTA                                         (abs)        0019E
_TXSTAbits                                     (abs)        0019E
_WDTCON                                        (abs)        00097
_WDT_Initialize                                text11       004F9
_WPUA                                          (abs)        0020C
_WPUB                                          (abs)        0020D
__Habs1                                        abs1         00000
__Hbank0                                       bank0        00000
__Hbank1                                       bank1        00000
__Hbank10                                      bank10       00000
__Hbank11                                      bank11       00000
__Hbank12                                      bank12       00000
__Hbank13                                      bank13       00000
__Hbank14                                      bank14       00000
__Hbank15                                      bank15       00000
__Hbank16                                      bank16       00000
__Hbank17                                      bank17       00000
__Hbank18                                      bank18       00000
__Hbank19                                      bank19       00000
__Hbank2                                       bank2        00000
__Hbank20                                      bank20       00000
__Hbank21                                      bank21       00000
__Hbank22                                      bank22       00000
__Hbank23                                      bank23       00000
__Hbank24                                      bank24       00000
__Hbank25                                      bank25       00000
__Hbank26                                      bank26       00000
__Hbank27                                      bank27       00000
__Hbank28                                      bank28       00000
__Hbank29                                      bank29       00000
__Hbank3                                       bank3        00000
__Hbank30                                      bank30       00000
__Hbank31                                      bank31       00000
__Hbank4                                       bank4        00000
__Hbank5                                       bank5        00000
__Hbank6                                       bank6        00000
__Hbank7                                       bank7        00000
__Hbank8                                       bank8        00000
__Hbank9                                       bank9        00000
__Hbigram                                      bigram       00000
__HbssBANK0                                    bssBANK0     00000
__Hcinit                                       cinit        00800
__Hclrtext                                     clrtext      00000
__Hcode                                        code         00000
__Hcommon                                      common       00000
__Hconfig                                      config       08009
__HcstackBANK0                                 cstackBANK0  00000
__HcstackCOMMON                                cstackCOMMON 00000
__Heeprom_data                                 eeprom_data  00000
__Hend_init                                    end_init     00004
__Hfunctab                                     functab      00000
__Hinit                                        init         00002
__Hintentry                                    intentry     00002
__Hmaintext                                    maintext     00000
__Hpowerup                                     powerup      00000
__Hram                                         ram          00000
__Hreset_vec                                   reset_vec    00002
__Hsfr0                                        sfr0         00000
__Hsfr1                                        sfr1         00000
__Hsfr10                                       sfr10        00000
__Hsfr11                                       sfr11        00000
__Hsfr12                                       sfr12        00000
__Hsfr13                                       sfr13        00000
__Hsfr14                                       sfr14        00000
__Hsfr15                                       sfr15        00000
__Hsfr16                                       sfr16        00000
__Hsfr17                                       sfr17        00000
__Hsfr18                                       sfr18        00000
__Hsfr19                                       sfr19        00000
__Hsfr2                                        sfr2         00000
__Hsfr20                                       sfr20        00000
__Hsfr21                                       sfr21        00000
__Hsfr22                                       sfr22        00000
__Hsfr23                                       sfr23        00000
__Hsfr24                                       sfr24        00000
__Hsfr25                                       sfr25        00000
__Hsfr26                                       sfr26        00000
__Hsfr27                                       sfr27        00000
__Hsfr28                                       sfr28        00000
__Hsfr29                                       sfr29        00000
__Hsfr3                                        sfr3         00000
__Hsfr30                                       sfr30        00000
__Hsfr31                                       sfr31        00000
__Hsfr4                                        sfr4         00000
__Hsfr5                                        sfr5         00000
__Hsfr6                                        sfr6         00000
__Hsfr7                                        sfr7         00000
__Hsfr8                                        sfr8         00000
__Hsfr9                                        sfr9         00000
__Hspace_0                                     (abs)        00867
__Hspace_1                                     (abs)        0007E
__Hspace_2                                     (abs)        00000
__Hspace_3                                     (abs)        00000
__Hspace_4                                     (abs)        10010
__Hstack                                       stack        00000
__Hstrings                                     strings      00000
__Hstringtext1                                 stringtext1  00000
__Hstringtext2                                 stringtext2  00000
__Hstringtext3                                 stringtext3  00000
__Hstringtext4                                 stringtext4  00000
__Hstringtext5                                 stringtext5  00000
__Hstringtext6                                 stringtext6  00000
__Htext                                        text         00000
__Labs1                                        abs1         00000
__Lbank0                                       bank0        00000
__Lbank1                                       bank1        00000
__Lbank10                                      bank10       00000
__Lbank11                                      bank11       00000
__Lbank12                                      bank12       00000
__Lbank13                                      bank13       00000
__Lbank14                                      bank14       00000
__Lbank15                                      bank15       00000
__Lbank16                                      bank16       00000
__Lbank17                                      bank17       00000
__Lbank18                                      bank18       00000
__Lbank19                                      bank19       00000
__Lbank2                                       bank2        00000
__Lbank20                                      bank20       00000
__Lbank21                                      bank21       00000
__Lbank22                                      bank22       00000
__Lbank23                                      bank23       00000
__Lbank24                                      bank24       00000
__Lbank25                                      bank25       00000
__Lbank26                                      bank26       00000
__Lbank27                                      bank27       00000
__Lbank28                                      bank28       00000
__Lbank29                                      bank29       00000
__Lbank3                                       bank3        00000
__Lbank30                                      bank30       00000
__Lbank31                                      bank31       00000
__Lbank4                                       bank4        00000
__Lbank5                                       bank5        00000
__Lbank6                                       bank6        00000
__Lbank7                                       bank7        00000
__Lbank8                                       bank8        00000
__Lbank9                                       bank9        00000
__Lbigram                                      bigram       00000
__LbssBANK0                                    bssBANK0     00000
__Lcinit                                       cinit        007F5
__Lclrtext                                     clrtext      00000
__Lcode                                        code         00000
__Lcommon                                      common       00000
__Lconfig                                      config       00000
__LcstackBANK0                                 cstackBANK0  00000
__LcstackCOMMON                                cstackCOMMON 00000
__Leeprom_data                                 eeprom_data  00000
__Lend_init                                    end_init     00002
__Lfunctab                                     functab      00000
__Linit                                        init         00002
__Lintentry                                    intentry     00002
__Lmaintext                                    maintext     00000
__Lpowerup                                     powerup      00000
__Lram                                         ram          00000
__Lreset_vec                                   reset_vec    00000
__Lsfr0                                        sfr0         00000
__Lsfr1                                        sfr1         00000
__Lsfr10                                       sfr10        00000
__Lsfr11                                       sfr11        00000
__Lsfr12                                       sfr12        00000
__Lsfr13                                       sfr13        00000
__Lsfr14                                       sfr14        00000
__Lsfr15                                       sfr15        00000
__Lsfr16                                       sfr16        00000
__Lsfr17                                       sfr17        00000
__Lsfr18                                       sfr18        00000
__Lsfr19                                       sfr19        00000
__Lsfr2                                        sfr2         00000
__Lsfr20                                       sfr20        00000
__Lsfr21                                       sfr21        00000
__Lsfr22                                       sfr22        00000
__Lsfr23                                       sfr23        00000
__Lsfr24                                       sfr24        00000
__Lsfr25                                       sfr25        00000
__Lsfr26                                       sfr26        00000
__Lsfr27                                       sfr27        00000
__Lsfr28                                       sfr28        00000
__Lsfr29                                       sfr29        00000
__Lsfr3                                        sfr3         00000
__Lsfr30                                       sfr30        00000
__Lsfr31                                       sfr31        00000
__Lsfr4                                        sfr4         00000
__Lsfr5                                        sfr5         00000
__Lsfr6                                        sfr6         00000
__Lsfr7                                        sfr7         00000
__Lsfr8                                        sfr8         00000
__Lsfr9                                        sfr9         00000
__Lspace_0                                     (abs)        00000
__Lspace_1                                     (abs)        00000
__Lspace_2                                     (abs)        00000
__Lspace_3                                     (abs)        00000
__Lspace_4                                     (abs)        00000
__Lstack                                       stack        00000
__Lstrings                                     strings      00000
__Lstringtext1                                 stringtext1  00000
__Lstringtext2                                 stringtext2  00000
__Lstringtext3                                 stringtext3  00000
__Lstringtext4                                 stringtext4  00000
__Lstringtext5                                 stringtext5  00000
__Lstringtext6                                 stringtext6  00000
__Ltext                                        text         00000
__S0                                           (abs)        00867
__S1                                           (abs)        0007E
__S2                                           (abs)        00000
__S3                                           (abs)        00000
___int_sp                                      stack        00000
___latbits                                     (abs)        00001
___lwdiv                                       text5        005FC
___lwdiv@counter                               cstackCOMMON 00077
___lwdiv@dividend                              cstackCOMMON 00072
___lwdiv@divisor                               cstackCOMMON 00070
___lwdiv@quotient                              cstackCOMMON 00075
___lwmod                                       text4        005C8
___lwmod@counter                               cstackCOMMON 0007D
___lwmod@dividend                              cstackCOMMON 0007A
___lwmod@divisor                               cstackCOMMON 00078
___sp                                          stack        00000
___stackhi                                     (abs)        0216F
___stacklo                                     (abs)        0201C
__end_of_EUSART_Initialize                     text14       00573
__end_of_EUSART_SetErrorHandler                text17       00503
__end_of_EUSART_SetFramingErrorHandler         text16       00509
__end_of_EUSART_SetOverrunErrorHandler         text15       0050F
__end_of_EUSART_Write                          text8        0051F
__end_of_OSCILLATOR_Initialize                 text13       0052B
__end_of_PIN_MANAGER_Initialize                text12       00550
__end_of_SYSTEM_Initialize                     text10       00538
__end_of_WDT_Initialize                        text11       004FD
__end_of___lwdiv                               text5        00638
__end_of___lwmod                               text4        005FC
__end_of__initialization                       cinit        007FD
__end_of_bit_find                              text9        006B5
__end_of_dpowers                               stringtext1  0080A
__end_of_main                                  maintext     00733
__end_of_printf                                text3        007F5
__end_of_putch                                 text7        00515
__end_of_recv_daikin_frame                     text6        00599
__end_of_recv_daikin_reader                    text2        005C8
__end_of_recv_reader                           text1        00675
__initialization                               cinit        007F5
__pbssBANK0                                    bssBANK0     00035
__pcstackBANK0                                 cstackBANK0  00020
__pcstackCOMMON                                cstackCOMMON 00070
__pmaintext                                    maintext     006B5
__pstringtext1                                 stringtext1  00800
__pstringtext2                                 stringtext2  0082B
__pstringtext3                                 stringtext3  0084B
__pstringtext4                                 stringtext4  0085E
__pstringtext5                                 stringtext5  00864
__pstringtext6                                 stringtext6  00000
__ptext1                                       text1        00638
__ptext10                                      text10       0052B
__ptext11                                      text11       004F9
__ptext12                                      text12       00538
__ptext13                                      text13       0051F
__ptext14                                      text14       00550
__ptext15                                      text15       00509
__ptext16                                      text16       00503
__ptext17                                      text17       004FD
__ptext2                                       text2        00599
__ptext3                                       text3        00733
__ptext4                                       text4        005C8
__ptext5                                       text5        005FC
__ptext6                                       text6        00573
__ptext7                                       text7        0050F
__ptext8                                       text8        00515
__ptext9                                       text9        00675
__size_of_EUSART_Initialize                    (abs)        00000
__size_of_EUSART_SetErrorHandler               (abs)        00000
__size_of_EUSART_SetFramingErrorHandler        (abs)        00000
__size_of_EUSART_SetOverrunErrorHandler        (abs)        00000
__size_of_EUSART_Write                         (abs)        00000
__size_of_OSCILLATOR_Initialize                (abs)        00000
__size_of_PIN_MANAGER_Initialize               (abs)        00000
__size_of_SYSTEM_Initialize                    (abs)        00000
__size_of_WDT_Initialize                       (abs)        00000
__size_of___lwdiv                              (abs)        00000
__size_of___lwmod                              (abs)        00000
__size_of_bit_find                             (abs)        00000
__size_of_main                                 (abs)        00000
__size_of_printf                               (abs)        00000
__size_of_putch                                (abs)        00000
__size_of_recv_daikin_frame                    (abs)        00000
__size_of_recv_daikin_reader                   (abs)        00000
__size_of_recv_reader                          (abs)        00000
_bit_find                                      text9        00675
_dpowers                                       stringtext1  00800
_eusartRxLastError                             bssBANK0     0003B
_main                                          maintext     006B5
_printf                                        text3        00733
_putch                                         text7        0050F
_recv_daikin_frame                             text6        00573
_recv_daikin_reader                            text2        00599
_recv_reader                                   text1        00638
bit_find@width                                 cstackCOMMON 00071
btemp                                          (abs)        0007E
end_of_initialization                          cinit        007FD
intlevel0                                      functab      00000
intlevel1                                      functab      00000
intlevel2                                      functab      00000
intlevel3                                      functab      00000
intlevel4                                      functab      00000
intlevel5                                      functab      00000
main@cnt                                       cstackBANK0  00034
printf@ap                                      cstackBANK0  00028
printf@c                                       cstackBANK0  0002D
printf@f                                       cstackBANK0  00020
printf@flag                                    cstackBANK0  00029
printf@prec                                    cstackBANK0  0002A
printf@val                                     cstackBANK0  0002B
putch@data                                     cstackCOMMON 00071
recv_daikin_frame@a                            cstackCOMMON 00076
recv_daikin_frame@i                            cstackCOMMON 00075
recv_daikin_frame@size                         cstackCOMMON 00074
recv_daikin_reader@a                           cstackBANK0  00030
recv_daikin_reader@i                           cstackBANK0  00031
recv_reader@width                              cstackCOMMON 00071
reset_vec                                      reset_vec    00000
start                                          init         00002
start_initialization                           cinit        007F5
wtemp0                                         (abs)        0007E


FUNCTION INFORMATION:

 *************** function _main *****************
 Defined at:
		line 39 in file "main.c"
 Parameters:    Size  Location     Type
		None
 Auto vars:     Size  Location     Type
  cnt             1   20[BANK0 ] unsigned char 
 Return value:  Size  Location     Type
                  1    wreg      void 
 Registers used:
		wreg, fsr0l, fsr0h, fsr1l, fsr1h, status,2, status,0, pclath, cstack
 Tracked objects:
		On entry : 
		On exit  : 
		Unchanged: 
 Data sizes:     COMMON   BANK0   BANK1   BANK2   BANK3   BANK4
      Params:         0       0       0       0       0       0
      Locals:         0       1       0       0       0       0
      Temps:          0       2       0       0       0       0
      Totals:         0       3       0       0       0       0
Total ram usage:        3 bytes
 Hardware stack levels required when called:    4
 This function calls:
		_SYSTEM_Initialize
		_printf
		_putch
		_recv_daikin_frame
		_recv_daikin_reader
		_recv_reader
 This function is called by:
		Startup code after reset
 This function uses a non-reentrant model


 *************** function _recv_reader *****************
 Defined at:
		line 108 in file "main.c"
 Parameters:    Size  Location     Type
		None
 Auto vars:     Size  Location     Type
  width           2    1[COMMON] int 
 Return value:  Size  Location     Type
                  1    wreg      unsigned char 
 Registers used:
		wreg, status,2
 Tracked objects:
		On entry : 
		On exit  : 
		Unchanged: 
 Data sizes:     COMMON   BANK0   BANK1   BANK2   BANK3   BANK4
      Params:         0       0       0       0       0       0
      Locals:         2       0       0       0       0       0
      Temps:          1       0       0       0       0       0
      Totals:         3       0       0       0       0       0
Total ram usage:        3 bytes
 Hardware stack levels used:    1
 This function calls:
		Nothing
 This function is called by:
		_main
 This function uses a non-reentrant model


 *************** function _recv_daikin_reader *****************
 Defined at:
		line 146 in file "main.c"
 Parameters:    Size  Location     Type
		None
 Auto vars:     Size  Location     Type
  a               1   16[BANK0 ] unsigned char 
  i               1   17[BANK0 ] unsigned char 
 Return value:  Size  Location     Type
                  1    wreg      void 
 Registers used:
		wreg, fsr0l, fsr0h, fsr1l, fsr1h, status,2, status,0, pclath, cstack
 Tracked objects:
		On entry : 
		On exit  : 
		Unchanged: 
 Data sizes:     COMMON   BANK0   BANK1   BANK2   BANK3   BANK4
      Params:         0       0       0       0       0       0
      Locals:         0       2       0       0       0       0
      Temps:          0       2       0       0       0       0
      Totals:         0       4       0       0       0       0
Total ram usage:        4 bytes
 Hardware stack levels used:    1
 Hardware stack levels required when called:    3
 This function calls:
		_bit_find
		_printf
		_putch
 This function is called by:
		_main
 This function uses a non-reentrant model


 *************** function _printf *****************
 Defined at:
		line 477 in file "C:\Program Files\Microchip\xc8\v2.20\pic\sources\c90\common\doprnt.c"
 Parameters:    Size  Location     Type
  f               2    0[BANK0 ] PTR const unsigned char 
		 -> STR_5(3), STR_4(33), STR_3(6), STR_2(32), 
		 -> STR_1(19), 
 Auto vars:     Size  Location     Type
  tmpval          4    0        struct .
  val             2   11[BANK0 ] unsigned int 
  cp              2    0        PTR const unsigned char 
  len             2    0        unsigned int 
  c               1   13[BANK0 ] unsigned char 
  prec            1   10[BANK0 ] char 
  flag            1    9[BANK0 ] unsigned char 
  ap              1    8[BANK0 ] PTR void [1]
		 -> ?_printf(2), 
 Return value:  Size  Location     Type
                  2    0[BANK0 ] int 
 Registers used:
		wreg, fsr0l, fsr0h, fsr1l, fsr1h, status,2, status,0, pclath, cstack
 Tracked objects:
		On entry : 
		On exit  : 
		Unchanged: 
 Data sizes:     COMMON   BANK0   BANK1   BANK2   BANK3   BANK4
      Params:         0       4       0       0       0       0
      Locals:         0       6       0       0       0       0
      Temps:          0       4       0       0       0       0
      Totals:         0      14       0       0       0       0
Total ram usage:       14 bytes
 Hardware stack levels used:    1
 Hardware stack levels required when called:    2
 This function calls:
		___lwdiv
		___lwmod
		_putch
 This function is called by:
		_main
		_recv_daikin_reader
 This function uses a non-reentrant model


 *************** function ___lwmod *****************
 Defined at:
		line 5 in file "C:\Program Files\Microchip\xc8\v2.20\pic\sources\c90\common\lwmod.c"
 Parameters:    Size  Location     Type
  divisor         2    8[COMMON] unsigned int 
  dividend        2   10[COMMON] unsigned int 
 Auto vars:     Size  Location     Type
  counter         1   13[COMMON] unsigned char 
 Return value:  Size  Location     Type
                  2    8[COMMON] unsigned int 
 Registers used:
		wreg, status,2, status,0
 Tracked objects:
		On entry : 
		On exit  : 
		Unchanged: 
 Data sizes:     COMMON   BANK0   BANK1   BANK2   BANK3   BANK4
      Params:         4       0       0       0       0       0
      Locals:         1       0       0       0       0       0
      Temps:          1       0       0       0       0       0
      Totals:         6       0       0       0       0       0
Total ram usage:        6 bytes
 Hardware stack levels used:    1
 This function calls:
		Nothing
 This function is called by:
		_printf
 This function uses a non-reentrant model


 *************** function ___lwdiv *****************
 Defined at:
		line 5 in file "C:\Program Files\Microchip\xc8\v2.20\pic\sources\c90\common\lwdiv.c"
 Parameters:    Size  Location     Type
  divisor         2    0[COMMON] unsigned int 
  dividend        2    2[COMMON] unsigned int 
 Auto vars:     Size  Location     Type
  quotient        2    5[COMMON] unsigned int 
  counter         1    7[COMMON] unsigned char 
 Return value:  Size  Location     Type
                  2    0[COMMON] unsigned int 
 Registers used:
		wreg, status,2, status,0
 Tracked objects:
		On entry : 
		On exit  : 
		Unchanged: 
 Data sizes:     COMMON   BANK0   BANK1   BANK2   BANK3   BANK4
      Params:         4       0       0       0       0       0
      Locals:         3       0       0       0       0       0
      Temps:          1       0       0       0       0       0
      Totals:         8       0       0       0       0       0
Total ram usage:        8 bytes
 Hardware stack levels used:    1
 This function calls:
		Nothing
 This function is called by:
		_printf
 This function uses a non-reentrant model


 *************** function _recv_daikin_frame *****************
 Defined at:
		line 157 in file "main.c"
 Parameters:    Size  Location     Type
  size            1    wreg     unsigned char 
 Auto vars:     Size  Location     Type
  size            1    4[COMMON] unsigned char 
  a               1    6[COMMON] unsigned char 
  i               1    5[COMMON] unsigned char 
 Return value:  Size  Location     Type
                  1    wreg      void 
 Registers used:
		wreg, status,2, status,0, pclath, cstack
 Tracked objects:
		On entry : 
		On exit  : 
		Unchanged: 
 Data sizes:     COMMON   BANK0   BANK1   BANK2   BANK3   BANK4
      Params:         0       0       0       0       0       0
      Locals:         3       0       0       0       0       0
      Temps:          1       0       0       0       0       0
      Totals:         4       0       0       0       0       0
Total ram usage:        4 bytes
 Hardware stack levels used:    1
 Hardware stack levels required when called:    2
 This function calls:
		_bit_find
		_putch
 This function is called by:
		_main
 This function uses a non-reentrant model


 *************** function _putch *****************
 Defined at:
		line 29 in file "main.c"
 Parameters:    Size  Location     Type
  data            1    wreg     unsigned char 
 Auto vars:     Size  Location     Type
  data            1    1[COMMON] unsigned char 
 Return value:  Size  Location     Type
                  1    wreg      void 
 Registers used:
		wreg, status,2, status,0, pclath, cstack
 Tracked objects:
		On entry : 
		On exit  : 
		Unchanged: 
 Data sizes:     COMMON   BANK0   BANK1   BANK2   BANK3   BANK4
      Params:         0       0       0       0       0       0
      Locals:         1       0       0       0       0       0
      Temps:          0       0       0       0       0       0
      Totals:         1       0       0       0       0       0
Total ram usage:        1 bytes
 Hardware stack levels used:    1
 Hardware stack levels required when called:    1
 This function calls:
		_EUSART_Write
 This function is called by:
		_main
		_recv_daikin_reader
		_recv_daikin_frame
		_printf
		_recv_data
 This function uses a non-reentrant model


 *************** function _EUSART_Write *****************
 Defined at:
		line 132 in file "mcc_generated_files/eusart.c"
 Parameters:    Size  Location     Type
  txData          1    wreg     unsigned char 
 Auto vars:     Size  Location     Type
  txData          1    0[COMMON] unsigned char 
 Return value:  Size  Location     Type
                  1    wreg      void 
 Registers used:
		wreg
 Tracked objects:
		On entry : 
		On exit  : 
		Unchanged: 
 Data sizes:     COMMON   BANK0   BANK1   BANK2   BANK3   BANK4
      Params:         0       0       0       0       0       0
      Locals:         1       0       0       0       0       0
      Temps:          0       0       0       0       0       0
      Totals:         1       0       0       0       0       0
Total ram usage:        1 bytes
 Hardware stack levels used:    1
 This function calls:
		Nothing
 This function is called by:
		_putch
 This function uses a non-reentrant model


 *************** function _bit_find *****************
 Defined at:
		line 177 in file "main.c"
 Parameters:    Size  Location     Type
		None
 Auto vars:     Size  Location     Type
  width           2    1[COMMON] int 
 Return value:  Size  Location     Type
                  1    wreg      unsigned char 
 Registers used:
		wreg, status,2
 Tracked objects:
		On entry : 
		On exit  : 
		Unchanged: 
 Data sizes:     COMMON   BANK0   BANK1   BANK2   BANK3   BANK4
      Params:         0       0       0       0       0       0
      Locals:         2       0       0       0       0       0
      Temps:          1       0       0       0       0       0
      Totals:         3       0       0       0       0       0
Total ram usage:        3 bytes
 Hardware stack levels used:    1
 This function calls:
		Nothing
 This function is called by:
		_recv_daikin_reader
		_recv_daikin_frame
		_recv_data
 This function uses a non-reentrant model


 *************** function _SYSTEM_Initialize *****************
 Defined at:
		line 50 in file "mcc_generated_files/mcc.c"
 Parameters:    Size  Location     Type
		None
 Auto vars:     Size  Location     Type
		None
 Return value:  Size  Location     Type
                  1    wreg      void 
 Registers used:
		wreg, status,2, status,0, pclath, cstack
 Tracked objects:
		On entry : 
		On exit  : 
		Unchanged: 
 Data sizes:     COMMON   BANK0   BANK1   BANK2   BANK3   BANK4
      Params:         0       0       0       0       0       0
      Locals:         0       0       0       0       0       0
      Temps:          0       0       0       0       0       0
      Totals:         0       0       0       0       0       0
Total ram usage:        0 bytes
 Hardware stack levels used:    1
 Hardware stack levels required when called:    2
 This function calls:
		_EUSART_Initialize
		_OSCILLATOR_Initialize
		_PIN_MANAGER_Initialize
		_WDT_Initialize
 This function is called by:
		_main
 This function uses a non-reentrant model


 *************** function _WDT_Initialize *****************
 Defined at:
		line 73 in file "mcc_generated_files/mcc.c"
 Parameters:    Size  Location     Type
		None
 Auto vars:     Size  Location     Type
		None
 Return value:  Size  Location     Type
                  1    wreg      void 
 Registers used:
		wreg
 Tracked objects:
		On entry : 
		On exit  : 
		Unchanged: 
 Data sizes:     COMMON   BANK0   BANK1   BANK2   BANK3   BANK4
      Params:         0       0       0       0       0       0
      Locals:         0       0       0       0       0       0
      Temps:          0       0       0       0       0       0
      Totals:         0       0       0       0       0       0
Total ram usage:        0 bytes
 Hardware stack levels used:    1
 This function calls:
		Nothing
 This function is called by:
		_SYSTEM_Initialize
 This function uses a non-reentrant model


 *************** function _PIN_MANAGER_Initialize *****************
 Defined at:
		line 55 in file "mcc_generated_files/pin_manager.c"
 Parameters:    Size  Location     Type
		None
 Auto vars:     Size  Location     Type
		None
 Return value:  Size  Location     Type
                  1    wreg      void 
 Registers used:
		wreg, status,2
 Tracked objects:
		On entry : 
		On exit  : 
		Unchanged: 
 Data sizes:     COMMON   BANK0   BANK1   BANK2   BANK3   BANK4
      Params:         0       0       0       0       0       0
      Locals:         0       0       0       0       0       0
      Temps:          0       0       0       0       0       0
      Totals:         0       0       0       0       0       0
Total ram usage:        0 bytes
 Hardware stack levels used:    1
 This function calls:
		Nothing
 This function is called by:
		_SYSTEM_Initialize
 This function uses a non-reentrant model


 *************** function _OSCILLATOR_Initialize *****************
 Defined at:
		line 59 in file "mcc_generated_files/mcc.c"
 Parameters:    Size  Location     Type
		None
 Auto vars:     Size  Location     Type
		None
 Return value:  Size  Location     Type
                  1    wreg      void 
 Registers used:
		wreg, status,2
 Tracked objects:
		On entry : 
		On exit  : 
		Unchanged: 
 Data sizes:     COMMON   BANK0   BANK1   BANK2   BANK3   BANK4
      Params:         0       0       0       0       0       0
      Locals:         0       0       0       0       0       0
      Temps:          0       0       0       0       0       0
      Totals:         0       0       0       0       0       0
Total ram usage:        0 bytes
 Hardware stack levels used:    1
 This function calls:
		Nothing
 This function is called by:
		_SYSTEM_Initialize
 This function uses a non-reentrant model


 *************** function _EUSART_Initialize *****************
 Defined at:
		line 66 in file "mcc_generated_files/eusart.c"
 Parameters:    Size  Location     Type
		None
 Auto vars:     Size  Location     Type
		None
 Return value:  Size  Location     Type
                  1    wreg      void 
 Registers used:
		wreg, status,2, status,0, pclath, cstack
 Tracked objects:
		On entry : 
		On exit  : 
		Unchanged: 
 Data sizes:     COMMON   BANK0   BANK1   BANK2   BANK3   BANK4
      Params:         0       0       0       0       0       0
      Locals:         0       0       0       0       0       0
      Temps:          0       0       0       0       0       0
      Totals:         0       0       0       0       0       0
Total ram usage:        0 bytes
 Hardware stack levels used:    1
 Hardware stack levels required when called:    1
 This function calls:
		_EUSART_SetErrorHandler
		_EUSART_SetFramingErrorHandler
		_EUSART_SetOverrunErrorHandler
 This function is called by:
		_SYSTEM_Initialize
 This function uses a non-reentrant model


 *************** function _EUSART_SetOverrunErrorHandler *****************
 Defined at:
		line 161 in file "mcc_generated_files/eusart.c"
 Parameters:    Size  Location     Type
  interruptHan    2    0[COMMON] PTR FTN()void 
		 -> EUSART_DefaultOverrunErrorHandler(1), 
 Auto vars:     Size  Location     Type
		None
 Return value:  Size  Location     Type
                  1    wreg      void 
 Registers used:
		wreg
 Tracked objects:
		On entry : 
		On exit  : 
		Unchanged: 
 Data sizes:     COMMON   BANK0   BANK1   BANK2   BANK3   BANK4
      Params:         2       0       0       0       0       0
      Locals:         0       0       0       0       0       0
      Temps:          0       0       0       0       0       0
      Totals:         2       0       0       0       0       0
Total ram usage:        2 bytes
 Hardware stack levels used:    1
 This function calls:
		Nothing
 This function is called by:
		_EUSART_Initialize
 This function uses a non-reentrant model


 *************** function _EUSART_SetFramingErrorHandler *****************
 Defined at:
		line 157 in file "mcc_generated_files/eusart.c"
 Parameters:    Size  Location     Type
  interruptHan    2    0[COMMON] PTR FTN()void 
		 -> EUSART_DefaultFramingErrorHandler(1), 
 Auto vars:     Size  Location     Type
		None
 Return value:  Size  Location     Type
                  1    wreg      void 
 Registers used:
		wreg
 Tracked objects:
		On entry : 
		On exit  : 
		Unchanged: 
 Data sizes:     COMMON   BANK0   BANK1   BANK2   BANK3   BANK4
      Params:         2       0       0       0       0       0
      Locals:         0       0       0       0       0       0
      Temps:          0       0       0       0       0       0
      Totals:         2       0       0       0       0       0
Total ram usage:        2 bytes
 Hardware stack levels used:    1
 This function calls:
		Nothing
 This function is called by:
		_EUSART_Initialize
 This function uses a non-reentrant model


 *************** function _EUSART_SetErrorHandler *****************
 Defined at:
		line 165 in file "mcc_generated_files/eusart.c"
 Parameters:    Size  Location     Type
  interruptHan    2    0[COMMON] PTR FTN()void 
		 -> EUSART_DefaultErrorHandler(1), 
 Auto vars:     Size  Location     Type
		None
 Return value:  Size  Location     Type
                  1    wreg      void 
 Registers used:
		wreg
 Tracked objects:
		On entry : 
		On exit  : 
		Unchanged: 
 Data sizes:     COMMON   BANK0   BANK1   BANK2   BANK3   BANK4
      Params:         2       0       0       0       0       0
      Locals:         0       0       0       0       0       0
      Temps:          0       0       0       0       0       0
      Totals:         2       0       0       0       0       0
Total ram usage:        2 bytes
 Hardware stack levels used:    1
 This function calls:
		Nothing
 This function is called by:
		_EUSART_Initialize
 This function uses a non-reentrant model



MODULE INFORMATION

Module		Function		Class		Link	Load	Size
mcc_generated_files/pin_manager.c
		_PIN_MANAGER_Initialize		CODE           	0538	0000	25

mcc_generated_files/pin_manager.c estimated size: 25

C:\Program Files\Microchip\xc8\v2.20\pic\sources\c90\common\lwmod.c
		___lwmod       		CODE           	05C8	0000	53

C:\Program Files\Microchip\xc8\v2.20\pic\sources\c90\common\lwmod.c estimated size: 53

C:\Program Files\Microchip\xc8\v2.20\pic\sources\c90\common\doprnt.c
		_printf        		CODE           	0733	0000	195

C:\Program Files\Microchip\xc8\v2.20\pic\sources\c90\common\doprnt.c estimated size: 195

shared
		_dpowers       		STRCODE        	0800	0000	11
		__initialization		CODE           	07F5	0000	9

shared estimated size: 20

mcc_generated_files/mcc.c
		_WDT_Initialize		CODE           	04F9	0000	5
		_OSCILLATOR_Initialize		CODE           	051F	0000	13
		_SYSTEM_Initialize		CODE           	052B	0000	14

mcc_generated_files/mcc.c estimated size: 32

C:\Program Files\Microchip\xc8\v2.20\pic\sources\c90\common\lwdiv.c
		___lwdiv       		CODE           	05FC	0000	61

C:\Program Files\Microchip\xc8\v2.20\pic\sources\c90\common\lwdiv.c estimated size: 61

mcc_generated_files/eusart.c
		_EUSART_Write  		CODE           	0515	0000	11
		_EUSART_Initialize		CODE           	0550	0000	36
		_EUSART_SetFramingErrorHandler		CODE           	0503	0000	7
		_EUSART_SetErrorHandler		CODE           	04FD	0000	7
		_EUSART_SetOverrunErrorHandler		CODE           	0509	0000	7

mcc_generated_files/eusart.c estimated size: 68

main.c
		_putch         		CODE           	050F	0000	7
		_main          		CODE           	06B5	0000	127
		_recv_daikin_frame		CODE           	0573	0000	39
		_bit_find      		CODE           	0675	0000	65
		_recv_reader   		CODE           	0638	0000	62
		_recv_daikin_reader		CODE           	0599	0000	48

main.c estimated size: 348

